com/scrm/why1139/domain/User.class
com/scrm/why1139/web/UpdateUserWeb.class
com/scrm/why1139/dao/GoodsDao.class
com/scrm/why1139/web/IndexWeb$1.class
com/scrm/why1139/BioReferenceModule/AIBound.class
com/scrm/why1139/WebApplication.class
com/scrm/why1139/web/LoginWeb.class
com/scrm/why1139/web/RecgBioWeb.class
com/scrm/why1139/service/AccntService.class
com/scrm/why1139/dao/MngrDao.class
com/scrm/why1139/domain/Goods.class
com/scrm/why1139/domain/Buy.class
com/scrm/why1139/web/LoginCommand.class
com/scrm/why1139/dao/UserDao.class
com/scrm/why1139/dao/BuyDao.class
com/scrm/why1139/web/JSONProc.class
com/scrm/why1139/BioReferenceModule/TestClass.class
com/scrm/why1139/web/SignUpWeb.class
com/scrm/why1139/service/ConfigConst.class
com/scrm/why1139/BioReferenceModule/BioSaver.class
com/scrm/why1139/web/RcmdWeb.class
com/scrm/why1139/service/GeneralService.class
com/scrm/why1139/web/MngrOperWeb.class
com/scrm/why1139/domain/Mngr.class
com/scrm/why1139/web/AccntWeb.class
com/scrm/why1139/dao/AnalysisDao.class
com/scrm/why1139/web/AdminWeb.class
com/scrm/why1139/BioReferenceModule/BioCertificater.class
com/scrm/why1139/service/UserService.class
com/scrm/why1139/service/AdminService.class
com/scrm/why1139/web/IndexWeb.class
com/scrm/why1139/web/IndexWeb$DaoTest.class
