/Users/why/Documents/GitHub/SCRM-Social_Retail_based_on_Face_Recognition/CodeManage/back-end/web-application/src/main/java/com/scrm/why1139/dao/MngrDao.java
/Users/why/Documents/GitHub/SCRM-Social_Retail_based_on_Face_Recognition/CodeManage/back-end/web-application/src/main/java/com/scrm/why1139/service/UserService.java
/Users/why/Documents/GitHub/SCRM-Social_Retail_based_on_Face_Recognition/CodeManage/back-end/web-application/src/main/java/com/scrm/why1139/web/MngrOperWeb.java
/Users/why/Documents/GitHub/SCRM-Social_Retail_based_on_Face_Recognition/CodeManage/back-end/web-application/src/main/java/com/scrm/why1139/web/SignUpWeb.java
/Users/why/Documents/GitHub/SCRM-Social_Retail_based_on_Face_Recognition/CodeManage/back-end/web-application/src/main/java/com/scrm/why1139/web/RcmdWeb.java
/Users/why/Documents/GitHub/SCRM-Social_Retail_based_on_Face_Recognition/CodeManage/back-end/web-application/src/main/java/com/scrm/why1139/dao/GoodsDao.java
/Users/why/Documents/GitHub/SCRM-Social_Retail_based_on_Face_Recognition/CodeManage/back-end/web-application/src/main/java/com/scrm/why1139/dao/BuyDao.java
/Users/why/Documents/GitHub/SCRM-Social_Retail_based_on_Face_Recognition/CodeManage/back-end/web-application/src/main/java/com/scrm/why1139/dao/UserDao.java
/Users/why/Documents/GitHub/SCRM-Social_Retail_based_on_Face_Recognition/CodeManage/back-end/web-application/src/main/java/com/scrm/why1139/web/LoginCommand.java
/Users/why/Documents/GitHub/SCRM-Social_Retail_based_on_Face_Recognition/CodeManage/back-end/web-application/src/main/java/com/scrm/why1139/service/GeneralService.java
/Users/why/Documents/GitHub/SCRM-Social_Retail_based_on_Face_Recognition/CodeManage/back-end/web-application/src/main/java/com/scrm/why1139/BioReferenceModule/BioCertificater.java
/Users/why/Documents/GitHub/SCRM-Social_Retail_based_on_Face_Recognition/CodeManage/back-end/web-application/src/main/java/com/scrm/why1139/domain/Goods.java
/Users/why/Documents/GitHub/SCRM-Social_Retail_based_on_Face_Recognition/CodeManage/back-end/web-application/src/main/java/com/scrm/why1139/BioReferenceModule/BioSaver.java
/Users/why/Documents/GitHub/SCRM-Social_Retail_based_on_Face_Recognition/CodeManage/back-end/web-application/src/main/java/com/scrm/why1139/web/IndexWeb.java
/Users/why/Documents/GitHub/SCRM-Social_Retail_based_on_Face_Recognition/CodeManage/back-end/web-application/src/main/java/com/scrm/why1139/web/AdminWeb.java
/Users/why/Documents/GitHub/SCRM-Social_Retail_based_on_Face_Recognition/CodeManage/back-end/web-application/src/main/java/com/scrm/why1139/web/LoginWeb.java
/Users/why/Documents/GitHub/SCRM-Social_Retail_based_on_Face_Recognition/CodeManage/back-end/web-application/src/main/java/com/scrm/why1139/web/RecgBioWeb.java
/Users/why/Documents/GitHub/SCRM-Social_Retail_based_on_Face_Recognition/CodeManage/back-end/web-application/src/main/java/com/scrm/why1139/service/ConfigConst.java
/Users/why/Documents/GitHub/SCRM-Social_Retail_based_on_Face_Recognition/CodeManage/back-end/web-application/src/main/java/com/scrm/why1139/domain/Buy.java
/Users/why/Documents/GitHub/SCRM-Social_Retail_based_on_Face_Recognition/CodeManage/back-end/web-application/src/main/java/com/scrm/why1139/domain/Mngr.java
/Users/why/Documents/GitHub/SCRM-Social_Retail_based_on_Face_Recognition/CodeManage/back-end/web-application/src/main/java/com/scrm/why1139/service/AccntService.java
/Users/why/Documents/GitHub/SCRM-Social_Retail_based_on_Face_Recognition/CodeManage/back-end/web-application/src/main/java/com/scrm/why1139/web/UpdateUserWeb.java
/Users/why/Documents/GitHub/SCRM-Social_Retail_based_on_Face_Recognition/CodeManage/back-end/web-application/src/main/java/com/scrm/why1139/service/AdminService.java
/Users/why/Documents/GitHub/SCRM-Social_Retail_based_on_Face_Recognition/CodeManage/back-end/web-application/src/main/java/com/scrm/why1139/dao/AnalysisDao.java
/Users/why/Documents/GitHub/SCRM-Social_Retail_based_on_Face_Recognition/CodeManage/back-end/web-application/src/main/java/com/scrm/why1139/WebApplication.java
/Users/why/Documents/GitHub/SCRM-Social_Retail_based_on_Face_Recognition/CodeManage/back-end/web-application/src/main/java/com/scrm/why1139/domain/User.java
/Users/why/Documents/GitHub/SCRM-Social_Retail_based_on_Face_Recognition/CodeManage/back-end/web-application/src/main/java/com/scrm/why1139/web/JSONProc.java
/Users/why/Documents/GitHub/SCRM-Social_Retail_based_on_Face_Recognition/CodeManage/back-end/web-application/src/main/java/com/scrm/why1139/BioReferenceModule/TestClass.java
/Users/why/Documents/GitHub/SCRM-Social_Retail_based_on_Face_Recognition/CodeManage/back-end/web-application/src/main/java/com/scrm/why1139/web/AccntWeb.java
/Users/why/Documents/GitHub/SCRM-Social_Retail_based_on_Face_Recognition/CodeManage/back-end/web-application/src/main/java/com/scrm/why1139/BioReferenceModule/AIBound.java
